Could not transform to IR: UNIMPLEMENTED: Unsupported statement in action MyIngress.drop, found fields {
  key: "op"
  value {
    string_value: "mark_to_drop"
  }
}
fields {
  key: "parameters"
  value {
    list_value {
      values {
        struct_value {
          fields {
            key: "type"
            value {
              string_value: "header"
            }
          }
          fields {
            key: "value"
            value {
              string_value: "standard_metadata"
            }
          }
        }
      }
    }
  }
}
fields {
  key: "source_info"
  value {
    struct_value {
      fields {
        key: "column"
        value {
          number_value: 8
        }
      }
      fields {
        key: "filename"
        value {
          string_value: "p4-samples/ipv4-routing/basic.p4"
        }
      }
      fields {
        key: "line"
        value {
          number_value: 104
        }
      }
      fields {
        key: "source_fragment"
        value {
          string_value: "mark_to_drop(standard_metadata)"
        }
      }
    }
  }
}

