Could not transform to IR: INVALID_ARGUMENT: Action hardcoded55 is missing from p4info!
