Could not transform to IR: INVALID_ARGUMENT: Action reflector54 is missing from p4info!
