headers {
  key: "scalars_0"
  value {
    name: "scalars_0"
  }
}
headers {
  key: "standard_metadata"
  value {
    name: "standard_metadata"
    id: 1
    fields {
      key: "_padding"
      value {
        name: "_padding"
        bitwidth: 3
        header_type: "standard_metadata"
      }
    }
    fields {
      key: "checksum_error"
      value {
        name: "checksum_error"
        bitwidth: 1
        header_type: "standard_metadata"
      }
    }
    fields {
      key: "deq_qdepth"
      value {
        name: "deq_qdepth"
        bitwidth: 19
        header_type: "standard_metadata"
      }
    }
    fields {
      key: "deq_timedelta"
      value {
        name: "deq_timedelta"
        bitwidth: 32
        header_type: "standard_metadata"
      }
    }
    fields {
      key: "egress_global_timestamp"
      value {
        name: "egress_global_timestamp"
        bitwidth: 48
        header_type: "standard_metadata"
      }
    }
    fields {
      key: "egress_port"
      value {
        name: "egress_port"
        bitwidth: 9
        header_type: "standard_metadata"
      }
    }
    fields {
      key: "egress_rid"
      value {
        name: "egress_rid"
        bitwidth: 16
        header_type: "standard_metadata"
      }
    }
    fields {
      key: "egress_spec"
      value {
        name: "egress_spec"
        bitwidth: 9
        header_type: "standard_metadata"
      }
    }
    fields {
      key: "enq_qdepth"
      value {
        name: "enq_qdepth"
        bitwidth: 19
        header_type: "standard_metadata"
      }
    }
    fields {
      key: "enq_timestamp"
      value {
        name: "enq_timestamp"
        bitwidth: 32
        header_type: "standard_metadata"
      }
    }
    fields {
      key: "ingress_global_timestamp"
      value {
        name: "ingress_global_timestamp"
        bitwidth: 48
        header_type: "standard_metadata"
      }
    }
    fields {
      key: "ingress_port"
      value {
        name: "ingress_port"
        bitwidth: 9
        header_type: "standard_metadata"
      }
    }
    fields {
      key: "instance_type"
      value {
        name: "instance_type"
        bitwidth: 32
        header_type: "standard_metadata"
      }
    }
    fields {
      key: "mcast_grp"
      value {
        name: "mcast_grp"
        bitwidth: 16
        header_type: "standard_metadata"
      }
    }
    fields {
      key: "packet_length"
      value {
        name: "packet_length"
        bitwidth: 32
        header_type: "standard_metadata"
      }
    }
    fields {
      key: "parser_error"
      value {
        name: "parser_error"
        bitwidth: 32
        header_type: "standard_metadata"
      }
    }
    fields {
      key: "priority"
      value {
        name: "priority"
        bitwidth: 3
        header_type: "standard_metadata"
      }
    }
  }
}
actions {
  key: "MyIngress.set_egress_spec"
  value {
    action_definition {
      preamble {
        id: 21735938
        name: "MyIngress.set_egress_spec"
        alias: "set_egress_spec"
      }
      params_by_id {
        key: 1
        value {
          param {
            id: 1
            name: "port"
            bitwidth: 9
          }
        }
      }
      params_by_name {
        key: "port"
        value {
          param {
            id: 1
            name: "port"
            bitwidth: 9
          }
        }
      }
    }
    action_implementation {
      variables {
        key: "port"
        value: 9
      }
      action_body {
        source_info {
          filename: "p4-samples/port-table/table.p4"
          line: 56
          column: 8
          source_fragment: "standard_metadata.egress_spec = port"
        }
        assignment {
          left {
            field_value {
              header_name: "standard_metadata"
              field_name: "egress_spec"
            }
          }
          right {
            variable_value {
              name: "port"
            }
          }
        }
      }
    }
  }
}
actions {
  key: "NoAction"
  value {
    action_definition {
      preamble {
        id: 21257015
        name: "NoAction"
        alias: "NoAction"
        annotations: "@noWarn(\"unused\")"
      }
    }
    action_implementation {
    }
  }
}
tables {
  key: "MyIngress.ports_exact"
  value {
    table_definition {
      preamble {
        id: 42954855
        name: "MyIngress.ports_exact"
        alias: "ports_exact"
      }
      match_fields_by_id {
        key: 1
        value {
          match_field {
            id: 1
            name: "standard_metadata.ingress_port"
            bitwidth: 9
            match_type: EXACT
          }
        }
      }
      match_fields_by_name {
        key: "standard_metadata.ingress_port"
        value {
          match_field {
            id: 1
            name: "standard_metadata.ingress_port"
            bitwidth: 9
            match_type: EXACT
          }
        }
      }
      actions {
        preamble {
          id: 21735938
          name: "MyIngress.set_egress_spec"
          alias: "set_egress_spec"
        }
        params_by_id {
          key: 1
          value {
            param {
              id: 1
              name: "port"
              bitwidth: 9
            }
          }
        }
        params_by_name {
          key: "port"
          value {
            param {
              id: 1
              name: "port"
              bitwidth: 9
            }
          }
        }
      }
      actions {
        preamble {
          id: 21257015
          name: "NoAction"
          alias: "NoAction"
          annotations: "@noWarn(\"unused\")"
        }
      }
      size: 1024
    }
    table_implementation {
      entries {
        action: "MyIngress.set_egress_spec"
        match_values: "0"
        action_parameters: "1"
      }
      entries {
        action: "MyIngress.set_egress_spec"
        match_values: "1"
        action_parameters: "0"
      }
    }
  }
}
initial_table: "MyIngress.ports_exact"

