Finding packet for table tbl_reflector54 and row -1
	standard_metadata.ingress_port = #b000000000
	standard_metadata.egress_spec = #b000000000

