header_types {
  name: "scalars_0"
}
header_types {
  name: "standard_metadata"
  id: 1
  fields {
    values {
      string_value: "ingress_port"
    }
    values {
      number_value: 9
    }
    values {
      bool_value: false
    }
  }
  fields {
    values {
      string_value: "egress_spec"
    }
    values {
      number_value: 9
    }
    values {
      bool_value: false
    }
  }
  fields {
    values {
      string_value: "egress_port"
    }
    values {
      number_value: 9
    }
    values {
      bool_value: false
    }
  }
  fields {
    values {
      string_value: "instance_type"
    }
    values {
      number_value: 32
    }
    values {
      bool_value: false
    }
  }
  fields {
    values {
      string_value: "packet_length"
    }
    values {
      number_value: 32
    }
    values {
      bool_value: false
    }
  }
  fields {
    values {
      string_value: "enq_timestamp"
    }
    values {
      number_value: 32
    }
    values {
      bool_value: false
    }
  }
  fields {
    values {
      string_value: "enq_qdepth"
    }
    values {
      number_value: 19
    }
    values {
      bool_value: false
    }
  }
  fields {
    values {
      string_value: "deq_timedelta"
    }
    values {
      number_value: 32
    }
    values {
      bool_value: false
    }
  }
  fields {
    values {
      string_value: "deq_qdepth"
    }
    values {
      number_value: 19
    }
    values {
      bool_value: false
    }
  }
  fields {
    values {
      string_value: "ingress_global_timestamp"
    }
    values {
      number_value: 48
    }
    values {
      bool_value: false
    }
  }
  fields {
    values {
      string_value: "egress_global_timestamp"
    }
    values {
      number_value: 48
    }
    values {
      bool_value: false
    }
  }
  fields {
    values {
      string_value: "mcast_grp"
    }
    values {
      number_value: 16
    }
    values {
      bool_value: false
    }
  }
  fields {
    values {
      string_value: "egress_rid"
    }
    values {
      number_value: 16
    }
    values {
      bool_value: false
    }
  }
  fields {
    values {
      string_value: "checksum_error"
    }
    values {
      number_value: 1
    }
    values {
      bool_value: false
    }
  }
  fields {
    values {
      string_value: "parser_error"
    }
    values {
      number_value: 32
    }
    values {
      bool_value: false
    }
  }
  fields {
    values {
      string_value: "priority"
    }
    values {
      number_value: 3
    }
    values {
      bool_value: false
    }
  }
  fields {
    values {
      string_value: "_padding"
    }
    values {
      number_value: 3
    }
    values {
      bool_value: false
    }
  }
}
headers {
  header_type: "scalars_0"
  metadata: true
}
headers {
  id: 1
  header_type: "standard_metadata"
  metadata: true
}
parsers {
  name: "parser"
  init_state: "start"
  parse_states {
    name: "start"
    transitions {
      type: "default"
    }
  }
}
deparsers {
  name: "deparser"
  source_info {
    filename: "p4-samples/hardcoded/hardcoded.p4"
    line: 45
    column: 8
    source_fragment: "UselessDeparser"
  }
}
actions {
  name: "hardcoded55"
  primitives {
    fields {
      key: "op"
      value {
        string_value: "assign"
      }
    }
    fields {
      key: "parameters"
      value {
        list_value {
          values {
            struct_value {
              fields {
                key: "type"
                value {
                  string_value: "field"
                }
              }
              fields {
                key: "value"
                value {
                  list_value {
                    values {
                      string_value: "standard_metadata"
                    }
                    values {
                      string_value: "egress_spec"
                    }
                  }
                }
              }
            }
          }
          values {
            struct_value {
              fields {
                key: "type"
                value {
                  string_value: "hexstr"
                }
              }
              fields {
                key: "value"
                value {
                  string_value: "0x0001"
                }
              }
            }
          }
        }
      }
    }
    fields {
      key: "source_info"
      value {
        struct_value {
          fields {
            key: "column"
            value {
              number_value: 12
            }
          }
          fields {
            key: "filename"
            value {
              string_value: "p4-samples/hardcoded/hardcoded.p4"
            }
          }
          fields {
            key: "line"
            value {
              number_value: 55
            }
          }
          fields {
            key: "source_fragment"
            value {
              string_value: "standard_metadata.egress_spec = 1"
            }
          }
        }
      }
    }
  }
}
actions {
  name: "hardcoded57"
  id: 1
  primitives {
    fields {
      key: "op"
      value {
        string_value: "assign"
      }
    }
    fields {
      key: "parameters"
      value {
        list_value {
          values {
            struct_value {
              fields {
                key: "type"
                value {
                  string_value: "field"
                }
              }
              fields {
                key: "value"
                value {
                  list_value {
                    values {
                      string_value: "standard_metadata"
                    }
                    values {
                      string_value: "egress_spec"
                    }
                  }
                }
              }
            }
          }
          values {
            struct_value {
              fields {
                key: "type"
                value {
                  string_value: "hexstr"
                }
              }
              fields {
                key: "value"
                value {
                  string_value: "0x0000"
                }
              }
            }
          }
        }
      }
    }
    fields {
      key: "source_info"
      value {
        struct_value {
          fields {
            key: "column"
            value {
              number_value: 12
            }
          }
          fields {
            key: "filename"
            value {
              string_value: "p4-samples/hardcoded/hardcoded.p4"
            }
          }
          fields {
            key: "line"
            value {
              number_value: 57
            }
          }
          fields {
            key: "source_fragment"
            value {
              string_value: "standard_metadata.egress_spec = 0"
            }
          }
        }
      }
    }
  }
}
pipelines {
  name: "ingress"
  source_info {
    filename: "p4-samples/hardcoded/hardcoded.p4"
    line: 50
    column: 8
    source_fragment: "MyIngress"
  }
  init_table: "node_2"
  tables {
    name: "tbl_hardcoded55"
    source_info {
      filename: "p4-samples/hardcoded/hardcoded.p4"
      line: 55
      column: 42
      source_fragment: "="
    }
    match_type: "exact"
    type: "simple"
    max_size: 1024
    action_ids: 0
    actions: "hardcoded55"
  }
  tables {
    name: "tbl_hardcoded57"
    id: 1
    source_info {
      filename: "p4-samples/hardcoded/hardcoded.p4"
      line: 57
      column: 42
      source_fragment: "="
    }
    match_type: "exact"
    type: "simple"
    max_size: 1024
    action_ids: 1
    actions: "hardcoded57"
  }
}
pipelines {
  name: "egress"
  id: 1
  source_info {
    filename: "p4-samples/hardcoded/hardcoded.p4"
    line: 35
    column: 8
    source_fragment: "UselessEgress"
  }
}
